exports[`test FriendListApp renders the component 1`] = `
<FriendListApp
  addFriend={[Function]}
  deleteFriend={[Function]}
  friendlist={
    Object {
      "friendsById": Array [
        Object {
          "name": "Theodore Roosevelt",
          "starred": true,
        },
        Object {
          "name": "Abraham Lincoln",
          "starred": false,
        },
        Object {
          "name": "George Washington",
          "starred": false,
        },
      ],
    }
  }
  nextPage={[Function]}
  page={
    Object {
      "pageNo": 1,
    }
  }
  prevPage={[Function]}
  starFriend={[Function]}
  updateSex={[Function]}>
  <div>
    <h1>
      The FriendList
    </h1>
    <AddFriendInput
      addFriend={[Function]}>
      <input
        autoFocus="true"
        className="form-control"
        onChange={[Function]}
        onKeyDown={[Function]}
        placeholder="Type the name of a friend"
        type="text"
        value="" />
    </AddFriendInput>
    <FriendList
      actions={
        Object {
          "addFriend": [Function],
          "deleteFriend": [Function],
          "starFriend": [Function],
          "updateSex": [Function],
        }
      }
      friends={
        Array [
          Object {
            "name": "Theodore Roosevelt",
            "starred": true,
          },
          Object {
            "name": "Abraham Lincoln",
            "starred": false,
          },
        ]
      }>
      <ul>
        <FriendListItem
          addFriend={[Function]}
          deleteFriend={[Function]}
          id="0Theodore Roosevelt"
          key="0Theodore Roosevelt"
          name="Theodore Roosevelt"
          starFriend={[Function]}
          starred={true}
          updateSex={[Function]}>
          <li>
            <div>
              <div>
                <span>
                  Theodore Roosevelt
                </span>
              </div>
              <div>
                <small>
                  xx friends in common
                </small>
              </div>
            </div>
            <div>
              <button
                className="btn btn-default undefined"
                onClick={[Function]}>
                <i
                  className="fa fa-star" />
              </button>
              <button
                className="btn btn-default undefined"
                onClick={[Function]}>
                <i
                  className="fa fa-trash" />
              </button>
              <select
                className="btn btn-default undefined"
                onChange={[Function]}>
                <option
                  value="M">
                  M
                </option>
                <option
                  value="F">
                  F
                </option>
              </select>
            </div>
          </li>
        </FriendListItem>
        <FriendListItem
          addFriend={[Function]}
          deleteFriend={[Function]}
          id="1Abraham Lincoln"
          key="1Abraham Lincoln"
          name="Abraham Lincoln"
          starFriend={[Function]}
          starred={false}
          updateSex={[Function]}>
          <li>
            <div>
              <div>
                <span>
                  Abraham Lincoln
                </span>
              </div>
              <div>
                <small>
                  xx friends in common
                </small>
              </div>
            </div>
            <div>
              <button
                className="btn btn-default undefined"
                onClick={[Function]}>
                <i
                  className="fa fa-star-o" />
              </button>
              <button
                className="btn btn-default undefined"
                onClick={[Function]}>
                <i
                  className="fa fa-trash" />
              </button>
              <select
                className="btn btn-default undefined"
                onChange={[Function]}>
                <option
                  value="M">
                  M
                </option>
                <option
                  value="F">
                  F
                </option>
              </select>
            </div>
          </li>
        </FriendListItem>
      </ul>
    </FriendList>
    <Pagination
      actions={
        Object {
          "nextPage": [Function],
          "prevPage": [Function],
        }
      }
      pageNo={1}
      pageSize={2}
      totalFriends={3}>
      <div>
        <button
          className="btn btn-default undefined"
          onClick={[Function]}>
          Prev
        </button>
        <div>
          1
        </div>
        <button
          className="btn btn-default undefined"
          onClick={[Function]}>
          Next
        </button>
      </div>
    </Pagination>
  </div>
</FriendListApp>
`;

exports[`test renders the component 1`] = `
<FriendListApp
  addFriend={[Function]}
  deleteFriend={[Function]}
  friendlist={
    Object {
      "friendsById": Array [
        Object {
          "name": "Theodore Roosevelt",
          "starred": true,
        },
        Object {
          "name": "Abraham Lincoln",
          "starred": false,
        },
        Object {
          "name": "George Washington",
          "starred": false,
        },
      ],
    }
  }
  nextPage={[Function]}
  page={
    Object {
      "pageNo": 1,
    }
  }
  prevPage={[Function]}
  starFriend={[Function]}
  updateSex={[Function]}>
  <div>
    <h1>
      The FriendList
    </h1>
    <AddFriendInput
      addFriend={[Function]}>
      <input
        autoFocus="true"
        className="form-control"
        onChange={[Function]}
        onKeyDown={[Function]}
        placeholder="Type the name of a friend"
        type="text"
        value="" />
    </AddFriendInput>
    <FriendList
      actions={
        Object {
          "addFriend": [Function],
          "deleteFriend": [Function],
          "starFriend": [Function],
          "updateSex": [Function],
        }
      }
      friends={
        Array [
          Object {
            "name": "Theodore Roosevelt",
            "starred": true,
          },
          Object {
            "name": "Abraham Lincoln",
            "starred": false,
          },
        ]
      }>
      <ul>
        <FriendListItem
          addFriend={[Function]}
          deleteFriend={[Function]}
          id="0Theodore Roosevelt"
          key="0Theodore Roosevelt"
          name="Theodore Roosevelt"
          starFriend={[Function]}
          starred={true}
          updateSex={[Function]}>
          <li>
            <div>
              <div>
                <span>
                  Theodore Roosevelt
                </span>
              </div>
              <div>
                <small>
                  xx friends in common
                </small>
              </div>
            </div>
            <div>
              <button
                className="btn btn-default undefined"
                onClick={[Function]}>
                <i
                  className="fa fa-star" />
              </button>
              <button
                className="btn btn-default undefined"
                onClick={[Function]}>
                <i
                  className="fa fa-trash" />
              </button>
              <select
                className="btn btn-default undefined"
                onChange={[Function]}>
                <option
                  value="M">
                  M
                </option>
                <option
                  value="F">
                  F
                </option>
              </select>
            </div>
          </li>
        </FriendListItem>
        <FriendListItem
          addFriend={[Function]}
          deleteFriend={[Function]}
          id="1Abraham Lincoln"
          key="1Abraham Lincoln"
          name="Abraham Lincoln"
          starFriend={[Function]}
          starred={false}
          updateSex={[Function]}>
          <li>
            <div>
              <div>
                <span>
                  Abraham Lincoln
                </span>
              </div>
              <div>
                <small>
                  xx friends in common
                </small>
              </div>
            </div>
            <div>
              <button
                className="btn btn-default undefined"
                onClick={[Function]}>
                <i
                  className="fa fa-star-o" />
              </button>
              <button
                className="btn btn-default undefined"
                onClick={[Function]}>
                <i
                  className="fa fa-trash" />
              </button>
              <select
                className="btn btn-default undefined"
                onChange={[Function]}>
                <option
                  value="M">
                  M
                </option>
                <option
                  value="F">
                  F
                </option>
              </select>
            </div>
          </li>
        </FriendListItem>
      </ul>
    </FriendList>
    <Pagination
      actions={
        Object {
          "nextPage": [Function],
          "prevPage": [Function],
        }
      }
      pageNo={1}
      pageSize={2}
      totalFriends={3}>
      <div>
        <button
          className="btn btn-default undefined"
          onClick={[Function]}>
          Prev
        </button>
        <div>
          1
        </div>
        <button
          className="btn btn-default undefined"
          onClick={[Function]}>
          Next
        </button>
      </div>
    </Pagination>
  </div>
</FriendListApp>
`;
